    Compute image stats - min, max, mean, standard deviation
usage:  pgm_stats [options..]  FILE.pgm ..
  options:
    --help              show this usage
    -v, --verbose       verbose output, show if fake memory
    --debug             debug output
  (options with GNU= only)
