==> ../point.pgm <==
Ncol   = 5
Nrow   = 3
Npix   = 15
MaxVal = 15
Max    = 7
Min    = 0
Sum    = 7
Mean   = 0.466667
SD     = 1.74611
CGxy   = 2, 1
