    Bounding box of an elliptical image
usage:  pgm_box [options..]  [FILE.pgm]
    FILE.pgm            input file, '-' or default is stdin
  options:
    --sub=V             subract value from each pixel
    --table             output row/column mean tables
    --help              show this usage
  (options with GNU= only)
