 ii     Xi        Xbt       Xb      nn
  0   -1.0000   -1.1000   -1.0000    1
  1   -0.9511   -0.9000   -0.8000    1
  2   -0.8090   -0.9000   -0.8000    2
  3   -0.5878   -0.7000   -0.6000    3
  4   -0.3090   -0.5000   -0.4000    4
  5   -0.0000   -0.3000   -0.2000    5
  6    0.3090   -0.1000    0.0000    6
  7    0.5878    0.1000    0.2000    7
  8    0.8090    0.3000    0.4000    8
  9    0.9511    0.5000    0.6000    9
 10    1.0000    0.7000    0.8000   10

   ii  Xmap[ii]
    0     1
    1     1
    2     2
    3     3
    4     4
    5     5
    6     6
    7     7
    8     8
    9     9
   10    10
   11     9
   12     8
   13     7
   14     6
   15     5
   16     4
   17     3
   18     2
   19     1
   20     1
   21     0
