Error:  Require --nxi divisible by 2:  41
Nxi      =       41
Nxi2     =       20
Nxb      =       10
bx2      =  0.10000
Use of uninitialized value in printf at /home/wah/pro/fiber_scanner/niDAQ/test/t_numbin/../bin/numbin line 158.
 ii     Xi        Xbt       Xb      nn
  0   -1.0000   -1.1000   -1.0000    1
  1   -0.9877   -0.9000   -0.8000    1
  2   -0.9511   -0.9000   -0.8000    1
  3   -0.8910   -0.9000   -0.8000    2
  4   -0.8090   -0.7000   -0.6000    2
  5   -0.7071   -0.7000   -0.6000    2
  6   -0.5878   -0.7000   -0.6000    3
  7   -0.4540   -0.5000   -0.4000    4
  8   -0.3090   -0.3000   -0.2000    4
  9   -0.1564   -0.3000   -0.2000    5
 10   -0.0000   -0.1000    0.0000    6
 11    0.1564    0.1000    0.2000    7
 12    0.3090    0.3000    0.4000    8
 13    0.4540    0.5000    0.6000    8
 14    0.5878    0.5000    0.6000    9
 15    0.7071    0.7000    0.8000   10
 16    0.8090    0.9000    1.0000   10
 17    0.8910    0.9000    1.0000   10
 18    0.9511    0.9000    1.0000   11
 19    0.9877    1.1000    1.2000   11
 20    1.0000    1.1000    1.2000   11

   ii  Xmap[ii]
    0     1
    1     1
    2     1
    3     2
    4     2
    5     2
    6     3
    7     4
    8     4
    9     5
   10     6
   11     7
   12     8
   13     8
   14     9
   15    10
   16    10
   17    10
   18    11
   19    11
   20    11
   21    11
   22    11
   23    10
   24    10
   25    10
   26     9
   27     8
   28     8
   29     7
   30     6
   31     5
   32     4
   33     4
   34     3
   35     2
   36     2
   37     2
   38     1
   39     1
   40     1
   41     0
