Error:  Require --nxi divisible by 2:  41
Nxi      =       41
Nxi2     =       20
Nxb      =        9
bx2      =  0.11111
Use of uninitialized value in printf at /home/wah/pro/fiber_scanner/niDAQ/test/t_numbin/../bin/numbin line 158.
 ii     Xi        Xbt       Xb      nn
  0   -1.0000   -1.1111   -1.0000    1
  1   -0.9877   -0.8889   -0.7778    1
  2   -0.9511   -0.8889   -0.7778    1
  3   -0.8910   -0.8889   -0.7778    1
  4   -0.8090   -0.8889   -0.7778    2
  5   -0.7071   -0.6667   -0.5556    2
  6   -0.5878   -0.6667   -0.5556    3
  7   -0.4540   -0.4444   -0.3333    3
  8   -0.3090   -0.4444   -0.3333    4
  9   -0.1564   -0.2222   -0.1111    5
 10   -0.0000    0.0000    0.1111    5
 11    0.1564    0.0000    0.1111    6
 12    0.3090    0.2222    0.3333    7
 13    0.4540    0.4444    0.5556    8
 14    0.5878    0.6667    0.7778    8
 15    0.7071    0.6667    0.7778    9
 16    0.8090    0.8889    1.0000    9
 17    0.8910    0.8889    1.0000   10
 18    0.9511    1.1111    1.2222   10
 19    0.9877    1.1111    1.2222   10
 20    1.0000    1.1111    1.2222   10

   ii  Xmap[ii]
    0     1
    1     1
    2     1
    3     1
    4     2
    5     2
    6     3
    7     3
    8     4
    9     5
   10     5
   11     6
   12     7
   13     8
   14     8
   15     9
   16     9
   17    10
   18    10
   19    10
   20    10
   21    10
   22    10
   23    10
   24     9
   25     9
   26     8
   27     8
   28     7
   29     6
   30     5
   31     5
   32     4
   33     3
   34     3
   35     2
   36     2
   37     1
   38     1
   39     1
   40     1
   41     0
