  Jy    4   5   6   7   8
   2   47  25  25  48   0
   3   25  47  47   0   0
   4   47   0   0   0   0
